[2026-09-30T10:14:06.955Z] RUN START roll=237Z1A05A5
[2026-09-30T10:14:06.970Z] REQ GET https://nnrg.beessoftware.cloud/studentselfservice
[2026-09-30T10:14:07.076Z] RES 200 https://nnrg.beessoftware.cloud/studentselfservice
[2026-09-30T10:14:07.127Z] REQ GET https://nnrg.beessoftware.cloud/studentselfservice/css/stylesheet1.css
[2026-09-30T10:14:07.128Z] REQ GET https://nnrg.beessoftware.cloud/studentselfservice/lib/select2/css/select2.min.css
[2026-09-30T10:14:07.129Z] REQ GET https://beessoftware.cloud/CloudilyaFileSource/CloudilyaDeployement/CollegeLogos/nnrg0001/loginlogo.jpg
[2026-09-30T10:14:07.130Z] REQ GET https://nnrg.beessoftware.cloud/studentselfservice/images/cloud.png
[2026-09-30T10:14:07.130Z] REQ GET https://nnrg.beessoftware.cloud/studentselfservice/Login/GetCaptcha
[2026-09-30T10:14:07.131Z] REQ GET https://nnrg.beessoftware.cloud/studentselfservice/lib/select2/js/select2.min.js
[2026-09-30T10:14:07.159Z] RES 200 https://nnrg.beessoftware.cloud/studentselfservice/images/cloud.png
[2026-09-30T10:14:07.162Z] RES 200 https://nnrg.beessoftware.cloud/studentselfservice/css/stylesheet1.css
[2026-09-30T10:14:07.172Z] RES 200 https://beessoftware.cloud/CloudilyaFileSource/CloudilyaDeployement/CollegeLogos/nnrg0001/loginlogo.jpg
[2026-09-30T10:14:07.172Z] RES 200 https://nnrg.beessoftware.cloud/studentselfservice/Login/GetCaptcha (png)
[2026-09-30T10:14:07.173Z] RES 200 https://nnrg.beessoftware.cloud/studentselfservice/lib/select2/css/select2.min.css
[2026-09-30T10:14:07.189Z] RES 200 https://nnrg.beessoftware.cloud/studentselfservice/lib/select2/js/select2.min.js
[2026-09-30T10:14:07.388Z] REQ GET https://nnrg.beessoftware.cloud/studentselfservice/images/loginhome.JPG
[2026-09-30T10:14:07.395Z] RES 200 https://nnrg.beessoftware.cloud/studentselfservice/images/loginhome.JPG
[2026-09-30T10:14:09.779Z] RAW 01_login_page (143021 chars)
[2026-09-30T10:14:10.754Z] RAW 02_roll_number_entered (143021 chars)
[2026-09-30T10:14:10.896Z] REQ GET https://nnrg.beessoftware.cloud/studentselfservice/Login/GetCaptcha?t=1790763250835
[2026-09-30T10:14:10.896Z] RES 200 https://nnrg.beessoftware.cloud/studentselfservice/Login/GetCaptcha?t=1790763250835 (png)
[2026-09-30T10:14:12.780Z] RAW 03_forgot_password_page (143056 chars)
[2026-09-30T10:14:15.026Z] CAPTCHA attempt 1 solved=J5EJBY
[2026-09-30T10:14:16.027Z] REQ POST https://nnrg.beessoftware.cloud/studentselfservice/Login/ValidateCaptcha | post=captcha=J5EJBY
[2026-09-30T10:14:16.046Z] REQ POST https://nnrg.beessoftware.cloud/studentselfservice/Login/Forgotpassword | post=encryptedData=3EHozPk3qsFsVpfHjMFowFsUORHsk9nB2boiYpAYiB0Sdbp5c6H69qV9hD7QQUHm
[2026-09-30T10:14:16.047Z] RES 200 https://nnrg.beessoftware.cloud/studentselfservice/Login/ValidateCaptcha | body={"status":true,"message":"Captcha verified"}
[2026-09-30T10:14:17.041Z] RES 200 https://nnrg.beessoftware.cloud/studentselfservice/Login/Forgotpassword | body={"data":"GD1fFzIVDia2hQMbr9fSB4GAOUyhstw7U10TuyARGoDGS2zH0ExgjuwqN\u002BcLSi7jRdPfNJo4pTv84ff4K1Jh86m0wHDksUqIc4/KP2DJw9/\u002BS7RffAqqMnrsMw4tLPYnNuOUW31ELIdhaoZB0sHD5J4zZVF4CBmNSEJYPx0018yJaHEK\u002BbmRAz\u002BUwJ8o8lxhMOwMri6tck4h8WvG33sMJg3OXwxL706Mx61hFm6WmVrBP7v88VN26nlZ73g8sdb3GAn6qK6pMDm5az3Fvn6ZOJQulZYSnZDe2X1XgfgVWALsrxT4\u002BoQb11o5qNlSwRJnMdmNI\u002BF4vTN8IsZWhc3aBs1gbRWE6V3H1KRNTpi/rXYJIOLhWdfznowHOeAtGzLv/IarYVBuAPSnhDrkOrHfb9F4TPL/5LpCKVB4oF4YTpnJocyys7ysWVWTxjEdIPgG0vccoHk4PLmj9BwO6V0HCRrxcfHmDxmhBeP0pWp73c/YAEKh3MiVTfwdIvGRgxfmV3o72EeUYqXLsdHrbCH6b5ubRmLao/KUqo5T\u002BIgN6EJS9ehGPMpvjX8/fs5C2aHN2Xu\u002BZDrm5CJHRrb3cadxY5Xq5XY07Q5bQDCWJwWm1rQ="}
[2026-09-30T10:14:18.539Z] VERIFY attempt 1 cardHidden=true err=""
[2026-09-30T10:14:18.914Z] RAW 06_after_verification_attempt1 (143425 chars)
[2026-09-30T10:14:18.914Z] CAPTCHA ACCEPTED: J5EJBY
[2026-09-30T10:14:19.287Z] RAW 07_otp_screen (143425 chars)
[2026-09-30T10:14:20.609Z] RAW 08_email_edit_enabled (143410 chars)
[2026-09-30T10:14:20.609Z] EMAIL copied="msudhindragoud@gmail.com"
[2026-09-30T10:14:21.459Z] RAW 09_email_reentered (143410 chars)
[2026-09-30T10:14:21.511Z] REQ POST https://nnrg.beessoftware.cloud/studentselfservice/Login/Login_SaveEmailMobile | post=Mobile=&Email=msudhindragoud%40gmail.com
[2026-09-30T10:14:21.539Z] RES 200 https://nnrg.beessoftware.cloud/studentselfservice/Login/Login_SaveEmailMobile | body={"status":true,"result":"Record is Successfully Saved"}
[2026-09-30T10:14:24.327Z] RAW 10_email_saved (143300 chars)
[2026-09-30T10:14:24.331Z] EMAIL saved, err=""
[2026-09-30T10:14:27.055Z] RAW 12_after_yes_popup_closed (143285 chars)
[2026-09-30T10:14:27.065Z] Mobile already in edit mode, skipping EDIT click
[2026-09-30T10:14:27.872Z] RAW 13_mobile_edit_enabled (143285 chars)
[2026-09-30T10:14:27.875Z] MOBILE copied="9177323290"
[2026-09-30T10:14:28.892Z] RAW 14_mobile_reentered (143285 chars)
[2026-09-30T10:14:28.972Z] REQ POST https://nnrg.beessoftware.cloud/studentselfservice/Login/Login_SaveEmailMobile | post=Mobile=9177323290&Email=
[2026-09-30T10:14:29.739Z] RES 200 https://nnrg.beessoftware.cloud/studentselfservice/Login/Login_SaveEmailMobile | body={"status":true,"result":"Record is Successfully Saved"}
[2026-09-30T10:14:32.341Z] RAW 15_mobile_saved (143291 chars)
[2026-09-30T10:14:32.344Z] MOBILE saved, err=""
[2026-09-30T10:14:32.690Z] REQ GET https://nnrg.beessoftware.cloud/studentselfservice
[2026-09-30T10:14:32.705Z] RES 200 https://nnrg.beessoftware.cloud/studentselfservice
[2026-09-30T10:14:32.742Z] REQ GET https://nnrg.beessoftware.cloud/studentselfservice/css/stylesheet1.css
[2026-09-30T10:14:32.744Z] RES 200 https://nnrg.beessoftware.cloud/studentselfservice/css/stylesheet1.css
[2026-09-30T10:14:32.745Z] REQ GET https://nnrg.beessoftware.cloud/studentselfservice/lib/select2/css/select2.min.css
[2026-09-30T10:14:32.750Z] RES 200 https://nnrg.beessoftware.cloud/studentselfservice/lib/select2/css/select2.min.css
[2026-09-30T10:14:32.750Z] REQ GET https://beessoftware.cloud/CloudilyaFileSource/CloudilyaDeployement/CollegeLogos/nnrg0001/loginlogo.jpg
[2026-09-30T10:14:32.750Z] REQ GET https://nnrg.beessoftware.cloud/studentselfservice/images/cloud.png
[2026-09-30T10:14:32.751Z] RES 200 https://nnrg.beessoftware.cloud/studentselfservice/images/cloud.png
[2026-09-30T10:14:32.751Z] REQ GET https://nnrg.beessoftware.cloud/studentselfservice/Login/GetCaptcha
[2026-09-30T10:14:32.751Z] REQ GET https://nnrg.beessoftware.cloud/studentselfservice/lib/select2/js/select2.min.js
[2026-09-30T10:14:32.754Z] RES 200 https://nnrg.beessoftware.cloud/studentselfservice/lib/select2/js/select2.min.js
[2026-09-30T10:14:32.760Z] RES 304 https://beessoftware.cloud/CloudilyaFileSource/CloudilyaDeployement/CollegeLogos/nnrg0001/loginlogo.jpg
[2026-09-30T10:14:32.760Z] RES 200 https://nnrg.beessoftware.cloud/studentselfservice/Login/GetCaptcha (png)
[2026-09-30T10:14:32.805Z] REQ GET https://nnrg.beessoftware.cloud/studentselfservice/images/loginhome.JPG
[2026-09-30T10:14:32.807Z] RES 200 https://nnrg.beessoftware.cloud/studentselfservice/images/loginhome.JPG
[2026-09-30T10:14:35.762Z] 2nd popup dismissed with NO
[2026-09-30T10:14:38.127Z] RAW 16_final_login_screen (143021 chars)
[2026-09-30T10:14:38.172Z] FINAL loginVisible=true otpVisible=false
[2026-09-30T10:14:38.172Z] RUN END result=OK
